[Licensing::Module] Trying to connect to existing licensing client channel...
Built from '6000.2/respin/6000.2.6f2-cc51a95c03' branch; Version is '6000.2.6f2 (4a4dcaec6541) revision 4869578'; Using compiler version '194234433'; Build Type 'Release'
[Licensing::IpcConnector] Successfully connected to: "LicenseClient-ayana" at "2025-11-10T13:45:02.1387448Z"
OS: 'Windows 11  (10.0.26100) 64bit Core' Language: 'en' Physical Memory: 16087 MB
BatchMode: 1, IsHumanControllingUs: 0, StartBugReporterOnCrash: 0, Is64bit: 1
Date: 2025-11-10T13:45:02Z

COMMAND LINE ARGUMENTS:
C:\Program Files\Unity\Hub\Editor\6000.2.6f2\Editor\Unity.exe
-adb2
-batchMode
-noUpm
-name
AssetImportWorker12
-projectPath
C:/Users/ayana/OneDrive/Documents/GitHub/AnimationLabs2025/AnimationLabs_
-logFile
Logs/AssetImportWorker12.log
-srvPort
65377
-licensingIpc
LicenseClient-ayana
-job-worker-count
7
-background-job-worker-count
8
-gc-helper-count
1
-name
AssetImport
Successfully changed project path to: C:/Users/ayana/OneDrive/Documents/GitHub/AnimationLabs2025/AnimationLabs_
C:/Users/ayana/OneDrive/Documents/GitHub/AnimationLabs2025/AnimationLabs_
[UnityMemory] Configuration Parameters - Can be set up in boot.config
    "memorysetup-allocator-temp-initial-block-size-main=262144"
    "memorysetup-allocator-temp-initial-block-size-worker=262144"
    "memorysetup-bucket-allocator-granularity=16"
    "memorysetup-bucket-allocator-bucket-count=8"
    "memorysetup-bucket-allocator-block-size=33554432"
    "memorysetup-bucket-allocator-block-count=8"
    "memorysetup-main-allocator-block-size=16777216"
    "memorysetup-thread-allocator-block-size=16777216"
    "memorysetup-gfx-main-allocator-block-size=16777216"
    "memorysetup-gfx-thread-allocator-block-size=16777216"
    "memorysetup-cache-allocator-block-size=4194304"
    "memorysetup-typetree-allocator-block-size=2097152"
    "memorysetup-profiler-bucket-allocator-granularity=16"
    "memorysetup-profiler-bucket-allocator-bucket-count=8"
    "memorysetup-profiler-bucket-allocator-block-size=33554432"
    "memorysetup-profiler-bucket-allocator-block-count=8"
    "memorysetup-profiler-allocator-block-size=16777216"
    "memorysetup-profiler-editor-allocator-block-size=1048576"
    "memorysetup-temp-allocator-size-main=16777216"
    "memorysetup-job-temp-allocator-block-size=2097152"
    "memorysetup-job-temp-allocator-block-size-background=1048576"
    "memorysetup-job-temp-allocator-reduction-small-platforms=262144"
    "memorysetup-temp-allocator-size-background-worker=32768"
    "memorysetup-temp-allocator-size-job-worker=262144"
    "memorysetup-temp-allocator-size-preload-manager=33554432"
    "memorysetup-temp-allocator-size-nav-mesh-worker=65536"
    "memorysetup-temp-allocator-size-audio-worker=65536"
    "memorysetup-temp-allocator-size-cloud-worker=32768"
    "memorysetup-temp-allocator-size-gi-baking-worker=262144"
    "memorysetup-temp-allocator-size-gi-baking-worker=262144"
    "memorysetup-temp-allocator-size-gi-baking-worker=262144"
    "memorysetup-temp-allocator-size-gi-baking-worker=262144"
    "memorysetup-temp-allocator-size-gi-baking-worker=262144"
    "memorysetup-temp-allocator-size-gfx=262144"
Player connection [49588]  Target information:

Player connection [49588]  * "[IP] 10.190.1.33 [Port] 0 [Flags] 2 [Guid] 2051656733 [EditorId] 2051656733 [Version] 1048832 [Id] WindowsEditor(7,MSI) [Debug] 1 [PackageName] WindowsEditor [ProjectName] Editor" 

Player connection [49588] Host joined multi-casting on [225.0.0.222:54997]...
Player connection [49588] Host joined alternative multi-casting on [225.0.0.222:34997]...
JobSystem: Creating JobQueue using job-worker-count value 7
Input System module state changed to: Initialized.
[Physics::Module] Initialized fallback backend.
[Physics::Module] Id: 0xdecafbad
[Licensing::Client] Code 10 while verifying Licensing Client signature (process Id: 32020, path: "C:/Users/ayana/SchoolSoftware/Unity Hub/UnityLicensingClient_V1/Unity.Licensing.Client.exe")
[Licensing::Module] LicensingClient has failed validation; ignoring
[Licensing::Client] Handshaking with LicensingClient:
  Version:                 1.17.3+a4e98f1
  Session Id:              f60df565409b44b394c258239fb522d2
  Correlation Id:          52991af8164dd7949978d8bba830f736
  External correlation Id: 8746444766064487751
  Machine Id:              cleDMvXY9O+45m6I22BHXt+mVGw=
[Licensing::Module] Successfully connected to LicensingClient on channel: "LicenseClient-ayana" (connect: 0.00s, validation: 0.00s, handshake: 0.05s)
[Licensing::IpcConnector] Successfully connected to: "LicenseClient-ayana-notifications" at "2025-11-10T13:45:02.1916607Z"
[Licensing::Module] Licensing Background thread has ended after 0.05s
Library Redirect Path: Library/
[Physics::Module] Selected backend.
[Physics::Module] Name: PhysX
[Physics::Module] Id: 0xf2b8ea05
[Physics::Module] SDK Version: 4.1.2
[Physics::Module] Integration Version: 1.0.0
[Physics::Module] Threading Mode: Multi-Threaded
Refreshing native plugins compatible for Editor in 8.38 ms, found 3 plugins.
Preloading 0 native plugins for Editor in 0.00 ms.
Initialize engine version: 6000.2.6f2 (4a4dcaec6541)
[Subsystems] Discovering subsystems at path C:/Program Files/Unity/Hub/Editor/6000.2.6f2/Editor/Data/Resources/UnitySubsystems
[Subsystems] Discovering subsystems at path C:/Users/ayana/OneDrive/Documents/GitHub/AnimationLabs2025/AnimationLabs_/Assets
GfxDevice: creating device client; kGfxThreadingModeNonThreaded
d3d12: failed to query info queue interface (0x80004002).
Direct3D:
    Version:         Direct3D 12 [level 12.1]
    Renderer:        NVIDIA GeForce RTX 4060 Laptop GPU (ID=0x28a0)
    Vendor:          NVIDIA
    VRAM:            7957 MB
    App VRAM Budget: 7189 MB
    Driver:          32.0.15.7700
Initialize mono
Mono path[0] = 'C:/Program Files/Unity/Hub/Editor/6000.2.6f2/Editor/Data/Managed'
Mono path[1] = 'C:/Program Files/Unity/Hub/Editor/6000.2.6f2/Editor/Data/MonoBleedingEdge/lib/mono/unityjit-win32'
Mono config path = 'C:/Program Files/Unity/Hub/Editor/6000.2.6f2/Editor/Data/MonoBleedingEdge/etc'
Using monoOptions --debugger-agent=transport=dt_socket,embedding=1,server=y,suspend=n,address=127.0.0.1:56348
Begin MonoManager ReloadAssembly
Registering precompiled unity dll's ...
Register platform support module: C:/Program Files/Unity/Hub/Editor/6000.2.6f2/Editor/Data/PlaybackEngines/WindowsStandaloneSupport/UnityEditor.WindowsStandalone.Extensions.dll
Registered in 0.002169 seconds.
- Loaded All Assemblies, in  0.465 seconds
Native extension for WindowsStandalone target not found
Mono: successfully reloaded assembly
- Finished resetting the current domain, in  0.356 seconds
Domain Reload Profiling: 818ms
	BeginReloadAssembly (153ms)
		ExecutionOrderSort (0ms)
		DisableScriptedObjects (0ms)
		BackupInstance (0ms)
		ReleaseScriptingObjects (0ms)
		CreateAndSetChildDomain (1ms)
	RebuildCommonClasses (52ms)
	RebuildNativeTypeToScriptingClass (12ms)
	initialDomainReloadingComplete (57ms)
	LoadAllAssembliesAndSetupDomain (187ms)
		LoadAssemblies (149ms)
		RebuildTransferFunctionScriptingTraits (0ms)
		AnalyzeDomain (185ms)
			TypeCache.Refresh (183ms)
				TypeCache.ScanAssembly (170ms)
			BuildScriptInfoCaches (0ms)
			ResolveRequiredComponents (1ms)
	FinalizeReload (357ms)
		ReleaseScriptCaches (0ms)
		RebuildScriptCaches (0ms)
		SetupLoadedEditorAssemblies (311ms)
			LogAssemblyErrors (0ms)
			InitializePlatformSupportModulesInManaged (54ms)
			SetLoadedEditorAssemblies (4ms)
			BeforeProcessingInitializeOnLoad (69ms)
			ProcessInitializeOnLoadAttributes (132ms)
			ProcessInitializeOnLoadMethodAttributes (51ms)
			AfterProcessingInitializeOnLoad (0ms)
			EditorAssembliesLoaded (0ms)
		ExecutionOrderSort2 (0ms)
		AwakeInstancesAfterBackupRestoration (0ms)
========================================================================
Worker process is ready to serve import requests
Import Worker Mode flag is 0x00
Begin MonoManager ReloadAssembly
[Licensing::Client] Successfully resolved entitlement details
[Licensing::Module] License group:
  Id: 3574232338638-UnityPersXXXX
  Product: Unity Personal
  Type: Assigned
  Expiration: Unlimited
- Loaded All Assemblies, in  1.105 seconds
Refreshing native plugins compatible for Editor in 1.26 ms, found 3 plugins.
Native extension for WindowsStandalone target not found
Package Manager log level set to [2]
[Package Manager] Failed to launch server process. Reason: Unity was launched with the -noUpm command-line argument
[Package Manager] Unable to send message (not connected to server process).
[Package Manager] Cannot connect to Unity Package Manager local server
Mono: successfully reloaded assembly
- Finished resetting the current domain, in  0.885 seconds
Domain Reload Profiling: 1984ms
	BeginReloadAssembly (256ms)
		ExecutionOrderSort (0ms)
		DisableScriptedObjects (7ms)
		BackupInstance (0ms)
		ReleaseScriptingObjects (0ms)
		CreateAndSetChildDomain (33ms)
	RebuildCommonClasses (42ms)
	RebuildNativeTypeToScriptingClass (17ms)
	initialDomainReloadingComplete (64ms)
	LoadAllAssembliesAndSetupDomain (720ms)
		LoadAssemblies (547ms)
		RebuildTransferFunctionScriptingTraits (0ms)
		AnalyzeDomain (329ms)
			TypeCache.Refresh (248ms)
				TypeCache.ScanAssembly (227ms)
			BuildScriptInfoCaches (59ms)
			ResolveRequiredComponents (17ms)
	FinalizeReload (885ms)
		ReleaseScriptCaches (0ms)
		RebuildScriptCaches (0ms)
		SetupLoadedEditorAssemblies (626ms)
			LogAssemblyErrors (0ms)
			InitializePlatformSupportModulesInManaged (2ms)
			SetLoadedEditorAssemblies (4ms)
			BeforeProcessingInitializeOnLoad (139ms)
			ProcessInitializeOnLoadAttributes (406ms)
			ProcessInitializeOnLoadMethodAttributes (56ms)
			AfterProcessingInitializeOnLoad (18ms)
			EditorAssembliesLoaded (1ms)
		ExecutionOrderSort2 (0ms)
		AwakeInstancesAfterBackupRestoration (13ms)
Launched and connected shader compiler UnityShaderCompiler.exe after 0.05 seconds
Refreshing native plugins compatible for Editor in 1.29 ms, found 3 plugins.
Preloading 0 native plugins for Editor in 0.00 ms.
Unloading 25 Unused Serialized files (Serialized files now loaded: 0)
Unloading 6253 unused Assets / (5.8 MB). Loaded Objects now: 6947.
Memory consumption went from 144.9 MB to 139.1 MB.
Total: 11.560600 ms (FindLiveObjects: 1.865700 ms CreateObjectMapping: 0.712200 ms MarkObjects: 6.633200 ms  DeleteObjects: 2.347400 ms)

========================================================================
Received Prepare
Begin MonoManager ReloadAssembly
- Loaded All Assemblies, in  0.848 seconds
Refreshing native plugins compatible for Editor in 1.00 ms, found 3 plugins.
Native extension for WindowsStandalone target not found
[Package Manager] Failed to launch server process. Reason: Unity was launched with the -noUpm command-line argument
[Package Manager] Unable to send message (not connected to server process).
[Package Manager] Cannot connect to Unity Package Manager local server
Mono: successfully reloaded assembly
- Finished resetting the current domain, in  0.857 seconds
Domain Reload Profiling: 1704ms
	BeginReloadAssembly (251ms)
		ExecutionOrderSort (0ms)
		DisableScriptedObjects (6ms)
		BackupInstance (0ms)
		ReleaseScriptingObjects (0ms)
		CreateAndSetChildDomain (63ms)
	RebuildCommonClasses (44ms)
	RebuildNativeTypeToScriptingClass (14ms)
	initialDomainReloadingComplete (37ms)
	LoadAllAssembliesAndSetupDomain (501ms)
		LoadAssemblies (414ms)
		RebuildTransferFunctionScriptingTraits (0ms)
		AnalyzeDomain (200ms)
			TypeCache.Refresh (12ms)
				TypeCache.ScanAssembly (2ms)
			BuildScriptInfoCaches (173ms)
			ResolveRequiredComponents (11ms)
	FinalizeReload (857ms)
		ReleaseScriptCaches (0ms)
		RebuildScriptCaches (0ms)
		SetupLoadedEditorAssemblies (670ms)
			LogAssemblyErrors (0ms)
			InitializePlatformSupportModulesInManaged (2ms)
			SetLoadedEditorAssemblies (4ms)
			BeforeProcessingInitializeOnLoad (153ms)
			ProcessInitializeOnLoadAttributes (442ms)
			ProcessInitializeOnLoadMethodAttributes (63ms)
			AfterProcessingInitializeOnLoad (6ms)
			EditorAssembliesLoaded (0ms)
		ExecutionOrderSort2 (0ms)
		AwakeInstancesAfterBackupRestoration (18ms)
Refreshing native plugins compatible for Editor in 1.49 ms, found 3 plugins.
Preloading 0 native plugins for Editor in 0.00 ms.
Unloading 25 Unused Serialized files (Serialized files now loaded: 0)
Unloading 6251 unused Assets / (4.9 MB). Loaded Objects now: 6962.
Memory consumption went from 152.4 MB to 147.4 MB.
Total: 8.326600 ms (FindLiveObjects: 1.130000 ms CreateObjectMapping: 0.344700 ms MarkObjects: 4.717600 ms  DeleteObjects: 2.132600 ms)

Prepare: number of updated asset objects reloaded= 0
========================================================================
Received Import Request.
  Time since last request: 1216207.832075 seconds.
  path: Assets/Fries and Seagull/City 03/Prefabs/Fence/Stone Fence 2.prefab
  artifactKey: Guid(bafcb6e183fb9cf4e8c4c78543632f66) Importer(2089858483,192608db42251d675da83286b1cce702)
Start importing Assets/Fries and Seagull/City 03/Prefabs/Fence/Stone Fence 2.prefab using Guid(bafcb6e183fb9cf4e8c4c78543632f66) Importer(2089858483,192608db42251d675da83286b1cce702) (ScriptedImporter) -> (artifact id: '748dd9168b86100c79d85e8a4405d624') in 0.2827758 seconds
Number of updated asset objects reloaded before import = 0Number of asset objects unloaded after import = 18

========================================================================
Received Import Request.
  Time since last request: 0.000027 seconds.
  path: Assets/Fries and Seagull/City 03/Models/Ground Markings 7.fbx
  artifactKey: Guid(35fb679641d4d554bb4a297645fd88f7) Importer(2089858483,192608db42251d675da83286b1cce702)
Start importing Assets/Fries and Seagull/City 03/Models/Ground Markings 7.fbx using Guid(35fb679641d4d554bb4a297645fd88f7) Importer(2089858483,192608db42251d675da83286b1cce702) (ScriptedImporter) -> (artifact id: '91581fdba6dfe41a905bdbc1b13f654c') in 0.0601297 seconds
Number of updated asset objects reloaded before import = 0Number of asset objects unloaded after import = 7

========================================================================
Received Import Request.
  Time since last request: 0.000041 seconds.
  path: Assets/Fries and Seagull/City 03/Models/Clouds.fbx
  artifactKey: Guid(01d50955165677c4f9ec7a3ce8cf9ecd) Importer(2089858483,192608db42251d675da83286b1cce702)
Start importing Assets/Fries and Seagull/City 03/Models/Clouds.fbx using Guid(01d50955165677c4f9ec7a3ce8cf9ecd) Importer(2089858483,192608db42251d675da83286b1cce702) (ScriptedImporter) -> (artifact id: '0bb7f1033327981031cbd06a7af1b209') in 0.0662402 seconds
Number of updated asset objects reloaded before import = 0Number of asset objects unloaded after import = 9

========================================================================
Received Import Request.
  Time since last request: 0.000026 seconds.
  path: Assets/Fries and Seagull/City 03/Prefabs/Public Utility/Telephone Booth.prefab
  artifactKey: Guid(596557109d929d443a1db8ece53c8ae1) Importer(2089858483,192608db42251d675da83286b1cce702)
Start importing Assets/Fries and Seagull/City 03/Prefabs/Public Utility/Telephone Booth.prefab using Guid(596557109d929d443a1db8ece53c8ae1) Importer(2089858483,192608db42251d675da83286b1cce702) (ScriptedImporter) -> (artifact id: '67c2a457f5334e9f43b230fb24b07324') in 0.0364924 seconds
Number of updated asset objects reloaded before import = 0Number of asset objects unloaded after import = 23

========================================================================
Received Import Request.
  Time since last request: 0.000020 seconds.
  path: Assets/Fries and Seagull/City 03/Prefabs/Light Sources/Traffic Light 6.prefab
  artifactKey: Guid(9b7ef8f73e61e4c498ca9cd897352333) Importer(2089858483,192608db42251d675da83286b1cce702)
Start importing Assets/Fries and Seagull/City 03/Prefabs/Light Sources/Traffic Light 6.prefab using Guid(9b7ef8f73e61e4c498ca9cd897352333) Importer(2089858483,192608db42251d675da83286b1cce702) (ScriptedImporter) -> (artifact id: '85604b484dd969cc6b4f3bcb6e9c22dd') in 0.0417594 seconds
Number of updated asset objects reloaded before import = 0Number of asset objects unloaded after import = 80

========================================================================
Received Import Request.
  Time since last request: 0.000037 seconds.
  path: Assets/Fries and Seagull/City 03/Prefabs/Fence/Road Fence 2.prefab
  artifactKey: Guid(a09e4b73688523d49bf8128d9f12766b) Importer(2089858483,192608db42251d675da83286b1cce702)
Start importing Assets/Fries and Seagull/City 03/Prefabs/Fence/Road Fence 2.prefab using Guid(a09e4b73688523d49bf8128d9f12766b) Importer(2089858483,192608db42251d675da83286b1cce702) (ScriptedImporter) -> (artifact id: '3ddbbcadab032bc562dc5447799a284a') in 0.0343457 seconds
Number of updated asset objects reloaded before import = 0Number of asset objects unloaded after import = 17

========================================================================
Received Import Request.
  Time since last request: 0.000015 seconds.
  path: Assets/Fries and Seagull/City 03/Prefabs/Trash/Trash Bag 2.prefab
  artifactKey: Guid(f27d0e20f957f4046be444d419cc1a08) Importer(2089858483,192608db42251d675da83286b1cce702)
Start importing Assets/Fries and Seagull/City 03/Prefabs/Trash/Trash Bag 2.prefab using Guid(f27d0e20f957f4046be444d419cc1a08) Importer(2089858483,192608db42251d675da83286b1cce702) (ScriptedImporter) -> (artifact id: '9f831fdd2319de6463138cdc94ae6742') in 0.0322264 seconds
Number of updated asset objects reloaded before import = 0Number of asset objects unloaded after import = 16

========================================================================
Received Import Request.
  Time since last request: 0.000017 seconds.
  path: Assets/Fries and Seagull/City 03/Prefabs/Barrier/Traffic Cone.prefab
  artifactKey: Guid(9dcd963c09571e340b6acdbc363e9985) Importer(2089858483,192608db42251d675da83286b1cce702)
Start importing Assets/Fries and Seagull/City 03/Prefabs/Barrier/Traffic Cone.prefab using Guid(9dcd963c09571e340b6acdbc363e9985) Importer(2089858483,192608db42251d675da83286b1cce702) (ScriptedImporter) -> (artifact id: 'fefba6789ad4fb1990829ed1d99d97b0') in 0.0369221 seconds
Number of updated asset objects reloaded before import = 0Number of asset objects unloaded after import = 17

========================================================================
Received Import Request.
  Time since last request: 0.000018 seconds.
  path: Assets/Fries and Seagull/City 03/Prefabs/Road Unit/Road 8.prefab
  artifactKey: Guid(2e9cbcf956215164b9eb1e0f029703bd) Importer(2089858483,192608db42251d675da83286b1cce702)
Start importing Assets/Fries and Seagull/City 03/Prefabs/Road Unit/Road 8.prefab using Guid(2e9cbcf956215164b9eb1e0f029703bd) Importer(2089858483,192608db42251d675da83286b1cce702) (ScriptedImporter) -> (artifact id: '0bd1cb6bb699ee8917b73eb12217da70') in 0.03413 seconds
Number of updated asset objects reloaded before import = 0Number of asset objects unloaded after import = 21

========================================================================
Received Import Request.
  Time since last request: 0.000024 seconds.
  path: Assets/Fries and Seagull/City 03/Materials
  artifactKey: Guid(05e3abb9689737d45a108ebb050a9dbc) Importer(2089858483,192608db42251d675da83286b1cce702)
Start importing Assets/Fries and Seagull/City 03/Materials using Guid(05e3abb9689737d45a108ebb050a9dbc) Importer(2089858483,192608db42251d675da83286b1cce702) (ScriptedImporter) -> (artifact id: 'e91bc8d7cffd8a1bbe31dcea4865c095') in 0.0277869 seconds
Number of updated asset objects reloaded before import = 0Number of asset objects unloaded after import = 1

========================================================================
Received Import Request.
  Time since last request: 0.000017 seconds.
  path: Assets/Fries and Seagull/City 03/Prefabs/Plants/Tree 2.prefab
  artifactKey: Guid(c2e113cd6395fbb4f879f9eeaff225ec) Importer(2089858483,192608db42251d675da83286b1cce702)
Start importing Assets/Fries and Seagull/City 03/Prefabs/Plants/Tree 2.prefab using Guid(c2e113cd6395fbb4f879f9eeaff225ec) Importer(2089858483,192608db42251d675da83286b1cce702) (ScriptedImporter) -> (artifact id: 'fc54c164562e98ba6ec0ada5240f78de') in 0.0326212 seconds
Number of updated asset objects reloaded before import = 0Number of asset objects unloaded after import = 17

========================================================================
Received Import Request.
  Time since last request: 0.000015 seconds.
  path: Assets/Fries and Seagull/City 03/Prefabs/Barrier/Barrier Gate.prefab
  artifactKey: Guid(855f5ea09ef99ea4faa7e30fb791b737) Importer(2089858483,192608db42251d675da83286b1cce702)
Start importing Assets/Fries and Seagull/City 03/Prefabs/Barrier/Barrier Gate.prefab using Guid(855f5ea09ef99ea4faa7e30fb791b737) Importer(2089858483,192608db42251d675da83286b1cce702) (ScriptedImporter) -> (artifact id: '31f6e49acbe4fd7a4b0874fe33a083fd') in 0.0335535 seconds
Number of updated asset objects reloaded before import = 0Number of asset objects unloaded after import = 30

========================================================================
Received Import Request.
  Time since last request: 0.000018 seconds.
  path: Assets/Fries and Seagull/City 03/Models/Stone Fence 2.fbx
  artifactKey: Guid(6d3e2427a862b6d4e9b805bffb6faad8) Importer(2089858483,192608db42251d675da83286b1cce702)
Start importing Assets/Fries and Seagull/City 03/Models/Stone Fence 2.fbx using Guid(6d3e2427a862b6d4e9b805bffb6faad8) Importer(2089858483,192608db42251d675da83286b1cce702) (ScriptedImporter) -> (artifact id: '46e8638726e9d7a872bb3472336e17f5') in 0.0435438 seconds
Number of updated asset objects reloaded before import = 0Number of asset objects unloaded after import = 10

========================================================================
Received Import Request.
  Time since last request: 0.000029 seconds.
  path: Assets/Fries and Seagull/City 03/Models/Stone Fence 4.fbx
  artifactKey: Guid(d767d2714dd7edf4095d5dfa355a500b) Importer(2089858483,192608db42251d675da83286b1cce702)
Start importing Assets/Fries and Seagull/City 03/Models/Stone Fence 4.fbx using Guid(d767d2714dd7edf4095d5dfa355a500b) Importer(2089858483,192608db42251d675da83286b1cce702) (ScriptedImporter) -> (artifact id: '0adcf4f2c6eeb6bf47bd743962a07f88') in 0.0301747 seconds
Number of updated asset objects reloaded before import = 0Number of asset objects unloaded after import = 9

========================================================================
Received Import Request.
  Time since last request: 0.000017 seconds.
  path: Assets/Fries and Seagull/City 03/Models/House 1.fbx
  artifactKey: Guid(1773b43570d8fe141a1798093ee5d54f) Importer(2089858483,192608db42251d675da83286b1cce702)
Start importing Assets/Fries and Seagull/City 03/Models/House 1.fbx using Guid(1773b43570d8fe141a1798093ee5d54f) Importer(2089858483,192608db42251d675da83286b1cce702) (ScriptedImporter) -> (artifact id: '6c3c917494822a1de6f65c32bb931770') in 0.1278237 seconds
Number of updated asset objects reloaded before import = 0Number of asset objects unloaded after import = 56

========================================================================
Received Import Request.
  Time since last request: 0.000023 seconds.
  path: Assets/Fries and Seagull/City 03/Scene Props/Scripts/PrefabGroup.cs
  artifactKey: Guid(9bad7d2316494f8ca064aace94ba8b24) Importer(2089858483,192608db42251d675da83286b1cce702)
Start importing Assets/Fries and Seagull/City 03/Scene Props/Scripts/PrefabGroup.cs using Guid(9bad7d2316494f8ca064aace94ba8b24) Importer(2089858483,192608db42251d675da83286b1cce702) (ScriptedImporter) -> (artifact id: 'd8c1f1a7f058901ad039a4eba41bc653') in 0.0304131 seconds
Number of updated asset objects reloaded before import = 0Number of asset objects unloaded after import = 0

========================================================================
Received Import Request.
  Time since last request: 0.000029 seconds.
  path: Assets/Fries and Seagull/City 03/Prefabs/Manhole/Manhole Covers 1.prefab
  artifactKey: Guid(940c3b8e92f759c468f7fedd9cec6955) Importer(2089858483,192608db42251d675da83286b1cce702)
Start importing Assets/Fries and Seagull/City 03/Prefabs/Manhole/Manhole Covers 1.prefab using Guid(940c3b8e92f759c468f7fedd9cec6955) Importer(2089858483,192608db42251d675da83286b1cce702) (ScriptedImporter) -> (artifact id: '70e0e82d4f49340f24f84f7cc0b8af43') in 0.0352144 seconds
Number of updated asset objects reloaded before import = 0Number of asset objects unloaded after import = 18

========================================================================
Received Import Request.
  Time since last request: 0.000028 seconds.
  path: Assets/Fries and Seagull/City 03/Models/Escalator.fbx
  artifactKey: Guid(b4eb7ec3791f2b34b938c6b6167fa7a8) Importer(2089858483,192608db42251d675da83286b1cce702)
Start importing Assets/Fries and Seagull/City 03/Models/Escalator.fbx using Guid(b4eb7ec3791f2b34b938c6b6167fa7a8) Importer(2089858483,192608db42251d675da83286b1cce702) (ScriptedImporter) -> (artifact id: '2cdd52cd2e0d4b28c6788b4fbf5948f3') in 0.0428972 seconds
Number of updated asset objects reloaded before import = 0Number of asset objects unloaded after import = 13

========================================================================
Received Import Request.
  Time since last request: 0.000017 seconds.
  path: Assets/Fries and Seagull/City 03/Models/Signage 3.fbx
  artifactKey: Guid(4b567854c88246f43854350707eb6bea) Importer(2089858483,192608db42251d675da83286b1cce702)
Start importing Assets/Fries and Seagull/City 03/Models/Signage 3.fbx using Guid(4b567854c88246f43854350707eb6bea) Importer(2089858483,192608db42251d675da83286b1cce702) (ScriptedImporter) -> (artifact id: 'ca6f8923ae0d02507529c0e14af47a2c') in 0.0358461 seconds
Number of updated asset objects reloaded before import = 0Number of asset objects unloaded after import = 9

========================================================================
Received Import Request.
  Time since last request: 0.000018 seconds.
  path: Assets/Fries and Seagull/City 03/Prefabs/Building/Building 9.prefab
  artifactKey: Guid(9e9ecddc6aff81746a0c7c7589194a0d) Importer(2089858483,192608db42251d675da83286b1cce702)
Start importing Assets/Fries and Seagull/City 03/Prefabs/Building/Building 9.prefab using Guid(9e9ecddc6aff81746a0c7c7589194a0d) Importer(2089858483,192608db42251d675da83286b1cce702) (ScriptedImporter) -> (artifact id: '5295891425f1c31d7727cd711e7ab90a') in 0.0345912 seconds
Number of updated asset objects reloaded before import = 0Number of asset objects unloaded after import = 24

========================================================================
Received Import Request.
  Time since last request: 0.000022 seconds.
  path: Assets/Fries and Seagull/City 03/Pipelines/Universal Pipeline.unitypackage
  artifactKey: Guid(b025f68e70f8c8a4b9c7c6271cd6be70) Importer(2089858483,192608db42251d675da83286b1cce702)
Start importing Assets/Fries and Seagull/City 03/Pipelines/Universal Pipeline.unitypackage using Guid(b025f68e70f8c8a4b9c7c6271cd6be70) Importer(2089858483,192608db42251d675da83286b1cce702) (ScriptedImporter) -> (artifact id: '1c534fafb0d9e1ab1847fa6b82d3ae96') in 0.0284838 seconds
Number of updated asset objects reloaded before import = 0Number of asset objects unloaded after import = 1

========================================================================
Received Import Request.
  Time since last request: 0.000021 seconds.
  path: Assets/Fries and Seagull/City 03/Scene Props/Scripts/Setup/FriesManagerURP.cs
  artifactKey: Guid(281ea83024b141899b2705c087421631) Importer(2089858483,192608db42251d675da83286b1cce702)
Start importing Assets/Fries and Seagull/City 03/Scene Props/Scripts/Setup/FriesManagerURP.cs using Guid(281ea83024b141899b2705c087421631) Importer(2089858483,192608db42251d675da83286b1cce702) (ScriptedImporter) -> (artifact id: '026ce4a7455964e375a6e0ecafa921f7') in 0.0284335 seconds
Number of updated asset objects reloaded before import = 0Number of asset objects unloaded after import = 0

========================================================================
Received Import Request.
  Time since last request: 0.000016 seconds.
  path: Assets/Fries and Seagull/City 03/Models/Street Lamp 3.fbx
  artifactKey: Guid(ae5da4dedfa69a341bae4872fb299401) Importer(2089858483,192608db42251d675da83286b1cce702)
Start importing Assets/Fries and Seagull/City 03/Models/Street Lamp 3.fbx using Guid(ae5da4dedfa69a341bae4872fb299401) Importer(2089858483,192608db42251d675da83286b1cce702) (ScriptedImporter) -> (artifact id: '9eaf0462b2f736957169bfa7a8225e60') in 0.0449588 seconds
Number of updated asset objects reloaded before import = 0Number of asset objects unloaded after import = 15

========================================================================
Received Import Request.
  Time since last request: 0.000019 seconds.
  path: Assets/Fries and Seagull/City 03/Models/Road 2.fbx
  artifactKey: Guid(97ea55a6a6a445c4293ba5244976da0a) Importer(2089858483,192608db42251d675da83286b1cce702)
Start importing Assets/Fries and Seagull/City 03/Models/Road 2.fbx using Guid(97ea55a6a6a445c4293ba5244976da0a) Importer(2089858483,192608db42251d675da83286b1cce702) (ScriptedImporter) -> (artifact id: '699e32a133b9d4ebd4da35e98884a709') in 0.0464841 seconds
Number of updated asset objects reloaded before import = 0Number of asset objects unloaded after import = 12

========================================================================
Received Import Request.
  Time since last request: 0.000025 seconds.
  path: Assets/Fries and Seagull/City 03/Models/House 4.fbx
  artifactKey: Guid(3ee30af93951956428bfa48ea4bb8857) Importer(2089858483,192608db42251d675da83286b1cce702)
Start importing Assets/Fries and Seagull/City 03/Models/House 4.fbx using Guid(3ee30af93951956428bfa48ea4bb8857) Importer(2089858483,192608db42251d675da83286b1cce702) (ScriptedImporter) -> (artifact id: '5d63109586474358ca4b414f5de7205a') in 0.0651325 seconds
Number of updated asset objects reloaded before import = 0Number of asset objects unloaded after import = 28

========================================================================
Received Import Request.
  Time since last request: 0.000015 seconds.
  path: Assets/Fries and Seagull/City 03/Models/Traffic Light 5.fbx
  artifactKey: Guid(c10b28d60171a774fb941e196539c661) Importer(2089858483,192608db42251d675da83286b1cce702)
Start importing Assets/Fries and Seagull/City 03/Models/Traffic Light 5.fbx using Guid(c10b28d60171a774fb941e196539c661) Importer(2089858483,192608db42251d675da83286b1cce702) (ScriptedImporter) -> (artifact id: 'a715c9f0bfc543581a6ffc471c51a970') in 0.0537959 seconds
Number of updated asset objects reloaded before import = 0Number of asset objects unloaded after import = 58

========================================================================
Received Import Request.
  Time since last request: 0.000024 seconds.
  path: Assets/Fries and Seagull/City 03/Models/Road Fence 2.fbx
  artifactKey: Guid(5ffde7faeb87d3b46892f73cc8a0b950) Importer(2089858483,192608db42251d675da83286b1cce702)
Start importing Assets/Fries and Seagull/City 03/Models/Road Fence 2.fbx using Guid(5ffde7faeb87d3b46892f73cc8a0b950) Importer(2089858483,192608db42251d675da83286b1cce702) (ScriptedImporter) -> (artifact id: '93a7460ddea99163b990e49e152de13a') in 0.0375209 seconds
Number of updated asset objects reloaded before import = 0Number of asset objects unloaded after import = 8

========================================================================
Received Import Request.
  Time since last request: 0.000029 seconds.
  path: Assets/Fries and Seagull/City 03/Prefabs/Fence/Stone Fence 1.prefab
  artifactKey: Guid(e462a430ab3954940ac6cd65fc6d5a9b) Importer(2089858483,192608db42251d675da83286b1cce702)
Start importing Assets/Fries and Seagull/City 03/Prefabs/Fence/Stone Fence 1.prefab using Guid(e462a430ab3954940ac6cd65fc6d5a9b) Importer(2089858483,192608db42251d675da83286b1cce702) (ScriptedImporter) -> (artifact id: '280e875168d01d701285ffde2aaf8e3d') in 0.0278766 seconds
Number of updated asset objects reloaded before import = 0Number of asset objects unloaded after import = 19

========================================================================
Received Import Request.
  Time since last request: 0.000017 seconds.
  path: Assets/Fries and Seagull/City 03/Models/Stone Fence 3.fbx
  artifactKey: Guid(5a7d30b990c0dde488697e6ab4aaeee3) Importer(2089858483,192608db42251d675da83286b1cce702)
Start importing Assets/Fries and Seagull/City 03/Models/Stone Fence 3.fbx using Guid(5a7d30b990c0dde488697e6ab4aaeee3) Importer(2089858483,192608db42251d675da83286b1cce702) (ScriptedImporter) -> (artifact id: '825268f12a7c1a9893fe55acbf732fa3') in 0.0329642 seconds
Number of updated asset objects reloaded before import = 0Number of asset objects unloaded after import = 9

========================================================================
Received Import Request.
  Time since last request: 0.000017 seconds.
  path: Assets/Fries and Seagull/City 03/Models/Signage 6.fbx
  artifactKey: Guid(6d13a0fd0066c1940b22f4c3f77df30d) Importer(2089858483,192608db42251d675da83286b1cce702)
Start importing Assets/Fries and Seagull/City 03/Models/Signage 6.fbx using Guid(6d13a0fd0066c1940b22f4c3f77df30d) Importer(2089858483,192608db42251d675da83286b1cce702) (ScriptedImporter) -> (artifact id: 'a08773cc7fe77a3bbeed559bfbe805ad') in 0.0605156 seconds
Number of updated asset objects reloaded before import = 0Number of asset objects unloaded after import = 11

========================================================================
Received Import Request.
  Time since last request: 0.000021 seconds.
  path: Assets/Fries and Seagull/City 03/Prefabs/Public Utility/Public Table.prefab
  artifactKey: Guid(46d03db63e0389d40957296e65abacc9) Importer(2089858483,192608db42251d675da83286b1cce702)
Start importing Assets/Fries and Seagull/City 03/Prefabs/Public Utility/Public Table.prefab using Guid(46d03db63e0389d40957296e65abacc9) Importer(2089858483,192608db42251d675da83286b1cce702) (ScriptedImporter) -> (artifact id: '9dd90696db93252334ad8376ac755e4a') in 0.032913 seconds
Number of updated asset objects reloaded before import = 0Number of asset objects unloaded after import = 18

========================================================================
Received Import Request.
  Time since last request: 0.000027 seconds.
  path: Assets/Fries and Seagull/City 03/Prefabs/Building/Building 2.prefab
  artifactKey: Guid(8ff9727a0defab34caba314289dd7257) Importer(2089858483,192608db42251d675da83286b1cce702)
Start importing Assets/Fries and Seagull/City 03/Prefabs/Building/Building 2.prefab using Guid(8ff9727a0defab34caba314289dd7257) Importer(2089858483,192608db42251d675da83286b1cce702) (ScriptedImporter) -> (artifact id: '7aa4d8d57f572ff276ae68174cb1f42a') in 0.0357296 seconds
Number of updated asset objects reloaded before import = 0Number of asset objects unloaded after import = 44

========================================================================
Received Import Request.
  Time since last request: 0.000018 seconds.
  path: Assets/Fries and Seagull/City 03/Models/Clouds.prefab
  artifactKey: Guid(00672ab649754244dab6326bfd069db4) Importer(2089858483,192608db42251d675da83286b1cce702)
Start importing Assets/Fries and Seagull/City 03/Models/Clouds.prefab using Guid(00672ab649754244dab6326bfd069db4) Importer(2089858483,192608db42251d675da83286b1cce702) (ScriptedImporter) -> (artifact id: '67d30833f2b2b28a74953073539cce10') in 0.0316267 seconds
Number of updated asset objects reloaded before import = 0Number of asset objects unloaded after import = 15

========================================================================
Received Import Request.
  Time since last request: 0.000015 seconds.
  path: Assets/Fries and Seagull/City 03/Prefabs
  artifactKey: Guid(fa1f88349c267af4da8b731dbbcc3ad2) Importer(2089858483,192608db42251d675da83286b1cce702)
Start importing Assets/Fries and Seagull/City 03/Prefabs using Guid(fa1f88349c267af4da8b731dbbcc3ad2) Importer(2089858483,192608db42251d675da83286b1cce702) (ScriptedImporter) -> (artifact id: '576a58c87e6b33d2f288b9d656330740') in 0.0236649 seconds
Number of updated asset objects reloaded before import = 0Number of asset objects unloaded after import = 1

========================================================================
Received Import Request.
  Time since last request: 0.000020 seconds.
  path: Assets/Fries and Seagull/City 03/Prefabs/Barrier
  artifactKey: Guid(266506cd353b63949a9ab4a4a6dceeb8) Importer(2089858483,192608db42251d675da83286b1cce702)
Start importing Assets/Fries and Seagull/City 03/Prefabs/Barrier using Guid(266506cd353b63949a9ab4a4a6dceeb8) Importer(2089858483,192608db42251d675da83286b1cce702) (ScriptedImporter) -> (artifact id: '6bddef9bc329c0b3af283280493b9075') in 0.0270582 seconds
Number of updated asset objects reloaded before import = 0Number of asset objects unloaded after import = 1

========================================================================
Received Import Request.
  Time since last request: 0.000027 seconds.
  path: Assets/Fries and Seagull/City 03/Models/Ground Markings 6.fbx
  artifactKey: Guid(c700c1e80b4241e4fb46efaed4105ed8) Importer(2089858483,192608db42251d675da83286b1cce702)
Start importing Assets/Fries and Seagull/City 03/Models/Ground Markings 6.fbx using Guid(c700c1e80b4241e4fb46efaed4105ed8) Importer(2089858483,192608db42251d675da83286b1cce702) (ScriptedImporter) -> (artifact id: 'ebe3c4aef056f67151c808f2ee5628f4') in 0.0361687 seconds
Number of updated asset objects reloaded before import = 0Number of asset objects unloaded after import = 7

========================================================================
Received Import Request.
  Time since last request: 0.000018 seconds.
  path: Assets/Fries and Seagull/City 03/Prefabs/Trash/Dumpster 3.prefab
  artifactKey: Guid(b6cc55a20659e1544af5c6b676cc1632) Importer(2089858483,192608db42251d675da83286b1cce702)
Start importing Assets/Fries and Seagull/City 03/Prefabs/Trash/Dumpster 3.prefab using Guid(b6cc55a20659e1544af5c6b676cc1632) Importer(2089858483,192608db42251d675da83286b1cce702) (ScriptedImporter) -> (artifact id: '1bff9eb1db6479c573b2ad8a450fd599') in 0.0341207 seconds
Number of updated asset objects reloaded before import = 0Number of asset objects unloaded after import = 28

========================================================================
Received Import Request.
  Time since last request: 0.000018 seconds.
  path: Assets/Fries and Seagull/City 03/Prefabs/Public Utility/Roadside Billboard 1.prefab
  artifactKey: Guid(f9372d872bb7f01419115fde33032dc4) Importer(2089858483,192608db42251d675da83286b1cce702)
Start importing Assets/Fries and Seagull/City 03/Prefabs/Public Utility/Roadside Billboard 1.prefab using Guid(f9372d872bb7f01419115fde33032dc4) Importer(2089858483,192608db42251d675da83286b1cce702) (ScriptedImporter) -> (artifact id: '1eac3f947d01ca77cc28b4694a47c7d9') in 0.0425217 seconds
Number of updated asset objects reloaded before import = 0Number of asset objects unloaded after import = 18

========================================================================
Received Import Request.
  Time since last request: 0.000021 seconds.
  path: Assets/Fries and Seagull/City 03/Prefabs/Trash/Trash Can 3.prefab
  artifactKey: Guid(3c9a536e4b004ef4a8bea8ecc9bff7fa) Importer(2089858483,192608db42251d675da83286b1cce702)
Start importing Assets/Fries and Seagull/City 03/Prefabs/Trash/Trash Can 3.prefab using Guid(3c9a536e4b004ef4a8bea8ecc9bff7fa) Importer(2089858483,192608db42251d675da83286b1cce702) (ScriptedImporter) -> (artifact id: 'dc66788f87e81a911424c20a5b06f714') in 0.0310901 seconds
Number of updated asset objects reloaded before import = 0Number of asset objects unloaded after import = 17

========================================================================
Received Import Request.
  Time since last request: 0.000046 seconds.
  path: Assets/Fries and Seagull/City 03/Models/Roadside Billboard 1.fbx
  artifactKey: Guid(ca7471c72a4e00643a29a17514f01d47) Importer(2089858483,192608db42251d675da83286b1cce702)
Start importing Assets/Fries and Seagull/City 03/Models/Roadside Billboard 1.fbx using Guid(ca7471c72a4e00643a29a17514f01d47) Importer(2089858483,192608db42251d675da83286b1cce702) (ScriptedImporter) -> (artifact id: '9be3d38905b6d5380fc6e122a1905391') in 0.0433342 seconds
Number of updated asset objects reloaded before import = 0Number of asset objects unloaded after import = 10

========================================================================
Received Import Request.
  Time since last request: 0.000019 seconds.
  path: Assets/Fries and Seagull/City 03/Sample Scene/ReflectionProbe-0.exr
  artifactKey: Guid(8a8a4de6a6f085548a94e0f81f98486e) Importer(2089858483,192608db42251d675da83286b1cce702)
Start importing Assets/Fries and Seagull/City 03/Sample Scene/ReflectionProbe-0.exr using Guid(8a8a4de6a6f085548a94e0f81f98486e) Importer(2089858483,192608db42251d675da83286b1cce702) (ScriptedImporter) -> (artifact id: '2d49e6f28fdc7734b2d14b1b846cc270') in 0.0701342 seconds
Number of updated asset objects reloaded before import = 0Number of asset objects unloaded after import = 1

========================================================================
Received Import Request.
  Time since last request: 0.000017 seconds.
  path: Assets/Fries and Seagull/City 03/Scene Props/Scripts/Setup
  artifactKey: Guid(4f2e29068ec64092bfad3ad9d19320ae) Importer(2089858483,192608db42251d675da83286b1cce702)
Start importing Assets/Fries and Seagull/City 03/Scene Props/Scripts/Setup using Guid(4f2e29068ec64092bfad3ad9d19320ae) Importer(2089858483,192608db42251d675da83286b1cce702) (ScriptedImporter) -> (artifact id: 'e60e6dbfa747fd23cc3efa42402bab84') in 0.0297803 seconds
Number of updated asset objects reloaded before import = 0Number of asset objects unloaded after import = 1

========================================================================
Received Import Request.
  Time since last request: 0.000031 seconds.
  path: Assets/Fries and Seagull/City 03/Prefabs/Public Utility/Wooden Bench 1.prefab
  artifactKey: Guid(860765ebca85feb49ae4eb353227544c) Importer(2089858483,192608db42251d675da83286b1cce702)
Start importing Assets/Fries and Seagull/City 03/Prefabs/Public Utility/Wooden Bench 1.prefab using Guid(860765ebca85feb49ae4eb353227544c) Importer(2089858483,192608db42251d675da83286b1cce702) (ScriptedImporter) -> (artifact id: '920f3d13369c83da166498fc9bfde03d') in 0.0400053 seconds
Number of updated asset objects reloaded before import = 0Number of asset objects unloaded after import = 17

========================================================================
Received Import Request.
  Time since last request: 0.000020 seconds.
  path: Assets/Fries and Seagull/City 03/Prefabs/Road Unit/Road 2.prefab
  artifactKey: Guid(18ec20f05ee3a2746ac1589ba54cd3f0) Importer(2089858483,192608db42251d675da83286b1cce702)
Start importing Assets/Fries and Seagull/City 03/Prefabs/Road Unit/Road 2.prefab using Guid(18ec20f05ee3a2746ac1589ba54cd3f0) Importer(2089858483,192608db42251d675da83286b1cce702) (ScriptedImporter) -> (artifact id: 'f58632d8ee21229c0305fe82bef1e130') in 0.0337494 seconds
Number of updated asset objects reloaded before import = 0Number of asset objects unloaded after import = 20

========================================================================
Received Import Request.
  Time since last request: 0.000022 seconds.
  path: Assets/Fries and Seagull/City 03/Models/Stone Pillar 1.fbx
  artifactKey: Guid(f1dec0e4212e4d24b976e1580b360dc5) Importer(2089858483,192608db42251d675da83286b1cce702)
Start importing Assets/Fries and Seagull/City 03/Models/Stone Pillar 1.fbx using Guid(f1dec0e4212e4d24b976e1580b360dc5) Importer(2089858483,192608db42251d675da83286b1cce702) (ScriptedImporter) -> (artifact id: 'b2b7f3510c860efb7ef986bb3c0ffa42') in 0.0413927 seconds
Number of updated asset objects reloaded before import = 0Number of asset objects unloaded after import = 8

========================================================================
Received Import Request.
  Time since last request: 0.000018 seconds.
  path: Assets/Fries and Seagull/City 03/Prefabs/Vehicles/Bus.prefab
  artifactKey: Guid(ccd706a16ea864941a9cabb4857796a1) Importer(2089858483,192608db42251d675da83286b1cce702)
Start importing Assets/Fries and Seagull/City 03/Prefabs/Vehicles/Bus.prefab using Guid(ccd706a16ea864941a9cabb4857796a1) Importer(2089858483,192608db42251d675da83286b1cce702) (ScriptedImporter) -> (artifact id: '520af77727acefc37a3cb336309dfedf') in 0.0311452 seconds
Number of updated asset objects reloaded before import = 0Number of asset objects unloaded after import = 25

========================================================================
Received Import Request.
  Time since last request: 0.000033 seconds.
  path: Assets/Fries and Seagull/City 03
  artifactKey: Guid(2ae83d17aaa56584fa5b9c87bd9e1295) Importer(2089858483,192608db42251d675da83286b1cce702)
Start importing Assets/Fries and Seagull/City 03 using Guid(2ae83d17aaa56584fa5b9c87bd9e1295) Importer(2089858483,192608db42251d675da83286b1cce702) (ScriptedImporter) -> (artifact id: '644611aea35fbbd567a0a9e761c63915') in 0.018757 seconds
Number of updated asset objects reloaded before import = 0Number of asset objects unloaded after import = 1

========================================================================
Received Import Request.
  Time since last request: 0.000026 seconds.
  path: Assets/Fries and Seagull/City 03/Prefabs/Barrier/Barrier 1.prefab
  artifactKey: Guid(8c4bcba1627b19049b617c867b2c98e8) Importer(2089858483,192608db42251d675da83286b1cce702)
Start importing Assets/Fries and Seagull/City 03/Prefabs/Barrier/Barrier 1.prefab using Guid(8c4bcba1627b19049b617c867b2c98e8) Importer(2089858483,192608db42251d675da83286b1cce702) (ScriptedImporter) -> (artifact id: 'eaadc1516a83b92c415fa250c316dca9') in 0.1004113 seconds
Number of updated asset objects reloaded before import = 0Number of asset objects unloaded after import = 20

========================================================================
Received Import Request.
  Time since last request: 0.000023 seconds.
  path: Assets/Fries and Seagull/City 03/Prefabs/Road Signs/Road Sign.prefab
  artifactKey: Guid(787bbcfeb6fe75f42b999081ff9c9c48) Importer(2089858483,192608db42251d675da83286b1cce702)
Start importing Assets/Fries and Seagull/City 03/Prefabs/Road Signs/Road Sign.prefab using Guid(787bbcfeb6fe75f42b999081ff9c9c48) Importer(2089858483,192608db42251d675da83286b1cce702) (ScriptedImporter) -> (artifact id: 'f64c9fae31ddce47f05050ef64b8c521') in 0.0329034 seconds
Number of updated asset objects reloaded before import = 0Number of asset objects unloaded after import = 19

========================================================================
Received Import Request.
  Time since last request: 0.000032 seconds.
  path: Assets/FINAL'/finalPractical
  artifactKey: Guid(7eb5ddbb53d662c4aa0542d019b71bc4) Importer(2089858483,192608db42251d675da83286b1cce702)
Start importing Assets/FINAL'/finalPractical using Guid(7eb5ddbb53d662c4aa0542d019b71bc4) Importer(2089858483,192608db42251d675da83286b1cce702) (ScriptedImporter) -> (artifact id: '3e0beaf838f93a28284cf5321400f28b') in 0.0287681 seconds
Number of updated asset objects reloaded before import = 0Number of asset objects unloaded after import = 1

========================================================================
Received Import Request.
  Time since last request: 0.000020 seconds.
  path: Assets/RayCaster.cs
  artifactKey: Guid(f574efb447806844486f5993edf80fb5) Importer(2089858483,192608db42251d675da83286b1cce702)
Start importing Assets/RayCaster.cs using Guid(f574efb447806844486f5993edf80fb5) Importer(2089858483,192608db42251d675da83286b1cce702) (ScriptedImporter) -> (artifact id: '1f3d3eecff9a4816a9d0658c783e3222') in 0.0301431 seconds
Number of updated asset objects reloaded before import = 0Number of asset objects unloaded after import = 0

========================================================================
Received Import Request.
  Time since last request: 0.000035 seconds.
  path: Assets/Fries and Seagull/City 03/Models/Virtual Roundabout Sign.fbx
  artifactKey: Guid(c6c49fd2a6a81a44ebf20836f0de9128) Importer(2089858483,192608db42251d675da83286b1cce702)
Start importing Assets/Fries and Seagull/City 03/Models/Virtual Roundabout Sign.fbx using Guid(c6c49fd2a6a81a44ebf20836f0de9128) Importer(2089858483,192608db42251d675da83286b1cce702) (ScriptedImporter) -> (artifact id: 'f246a638157f4aad993602c609641bd2') in 0.0453003 seconds
Number of updated asset objects reloaded before import = 0Number of asset objects unloaded after import = 7

========================================================================
Received Import Request.
  Time since last request: 0.000020 seconds.
  path: Assets/Fries and Seagull/City 03/Models/City Scene.fbx
  artifactKey: Guid(70ea4865e2694944fa398c288da016d8) Importer(2089858483,192608db42251d675da83286b1cce702)
Start importing Assets/Fries and Seagull/City 03/Models/City Scene.fbx using Guid(70ea4865e2694944fa398c288da016d8) Importer(2089858483,192608db42251d675da83286b1cce702) (ScriptedImporter) -> (artifact id: '0da13becf9f5426497fedce2ed3687d7') in 1.2763528 seconds
Number of updated asset objects reloaded before import = 0Number of asset objects unloaded after import = 3459

========================================================================
Received Import Request.
  Time since last request: 0.000051 seconds.
  path: Assets/Fries and Seagull/City 03/Models/Small Barricade.fbx
  artifactKey: Guid(b48a5c91e8dfdb24ba4af9c8e9f7ab6f) Importer(2089858483,192608db42251d675da83286b1cce702)
Start importing Assets/Fries and Seagull/City 03/Models/Small Barricade.fbx using Guid(b48a5c91e8dfdb24ba4af9c8e9f7ab6f) Importer(2089858483,192608db42251d675da83286b1cce702) (ScriptedImporter) -> (artifact id: 'aac09b68dfddac7a07d973844c3ce261') in 0.0405846 seconds
Number of updated asset objects reloaded before import = 0Number of asset objects unloaded after import = 10

========================================================================
Received Import Request.
  Time since last request: 0.000025 seconds.
  path: Assets/Fries and Seagull/City 03/Models/Dumpster 3.fbx
  artifactKey: Guid(b231e3576298f604f8bcca852ce40e90) Importer(2089858483,192608db42251d675da83286b1cce702)
Start importing Assets/Fries and Seagull/City 03/Models/Dumpster 3.fbx using Guid(b231e3576298f604f8bcca852ce40e90) Importer(2089858483,192608db42251d675da83286b1cce702) (ScriptedImporter) -> (artifact id: '7090e274c927c94ab584056f80a3f041') in 0.0370994 seconds
Number of updated asset objects reloaded before import = 0Number of asset objects unloaded after import = 14

========================================================================
Received Import Request.
  Time since last request: 0.000019 seconds.
  path: Assets/Fries and Seagull/City 03/Models/Dumpster 1.fbx
  artifactKey: Guid(880f61e44a800fd41be61df539c2a5a9) Importer(2089858483,192608db42251d675da83286b1cce702)
Start importing Assets/Fries and Seagull/City 03/Models/Dumpster 1.fbx using Guid(880f61e44a800fd41be61df539c2a5a9) Importer(2089858483,192608db42251d675da83286b1cce702) (ScriptedImporter) -> (artifact id: 'ddf0f039a56933a546e2029ce1f51de9') in 0.045465 seconds
Number of updated asset objects reloaded before import = 0Number of asset objects unloaded after import = 9

========================================================================
Received Import Request.
  Time since last request: 0.000024 seconds.
  path: Assets/Fries and Seagull/City 03/Models/Road 8.fbx
  artifactKey: Guid(1c2a6d02201fa214b871e71ead7e3e93) Importer(2089858483,192608db42251d675da83286b1cce702)
Start importing Assets/Fries and Seagull/City 03/Models/Road 8.fbx using Guid(1c2a6d02201fa214b871e71ead7e3e93) Importer(2089858483,192608db42251d675da83286b1cce702) (ScriptedImporter) -> (artifact id: 'f2cfaf018449178afbbb197ccb2734ed') in 0.0364323 seconds
Number of updated asset objects reloaded before import = 0Number of asset objects unloaded after import = 13

========================================================================
Received Import Request.
  Time since last request: 0.000032 seconds.
  path: Assets/Fries and Seagull/City 03/Models/House 10.fbx
  artifactKey: Guid(7ff0287e9c2599f4db17e273bab84301) Importer(2089858483,192608db42251d675da83286b1cce702)
Start importing Assets/Fries and Seagull/City 03/Models/House 10.fbx using Guid(7ff0287e9c2599f4db17e273bab84301) Importer(2089858483,192608db42251d675da83286b1cce702) (ScriptedImporter) -> (artifact id: 'ccfb1a9d05d21a7c5c02cc6ce82b004e') in 0.0916751 seconds
Number of updated asset objects reloaded before import = 0Number of asset objects unloaded after import = 50

========================================================================
Received Import Request.
  Time since last request: 0.000018 seconds.
  path: Assets/Fries and Seagull/City 03/Sample Scene/LightingData.asset
  artifactKey: Guid(1571a14e8bdd9f44881cd2cdbbfbf8fc) Importer(2089858483,192608db42251d675da83286b1cce702)
Start importing Assets/Fries and Seagull/City 03/Sample Scene/LightingData.asset using Guid(1571a14e8bdd9f44881cd2cdbbfbf8fc) Importer(2089858483,192608db42251d675da83286b1cce702) (ScriptedImporter) -> (artifact id: '228811d970457484be9aeaf3d139a035') in 0.0500763 seconds
Number of updated asset objects reloaded before import = 0Number of asset objects unloaded after import = 2

========================================================================
Received Import Request.
  Time since last request: 0.000023 seconds.
  path: Assets/Fries and Seagull/City 03/Scene Props/Scripts/Inspector/AButtonAttribute.cs
  artifactKey: Guid(aa6165f3b64b4a53944975b48ceb45a8) Importer(2089858483,192608db42251d675da83286b1cce702)
Start importing Assets/Fries and Seagull/City 03/Scene Props/Scripts/Inspector/AButtonAttribute.cs using Guid(aa6165f3b64b4a53944975b48ceb45a8) Importer(2089858483,192608db42251d675da83286b1cce702) (ScriptedImporter) -> (artifact id: '96d180d53a2a6238d6fd8ee46dfe14ae') in 0.0268361 seconds
Number of updated asset objects reloaded before import = 0Number of asset objects unloaded after import = 0

========================================================================
Received Import Request.
  Time since last request: 19.514515 seconds.
  path: Assets/Fries and Seagull/City 03/Fence Arranger.prefab
  artifactKey: Guid(99c606d98b68cc141ac4b6eb2cb07921) Importer(815301076,1909f56bfc062723c751e8b465ee728b)
Start importing Assets/Fries and Seagull/City 03/Fence Arranger.prefab using Guid(99c606d98b68cc141ac4b6eb2cb07921) Importer(815301076,1909f56bfc062723c751e8b465ee728b) (PreviewImporter) -> (artifact id: '526c540de69a4b8a7f30be88602d7efa') in 0.0443863 seconds
Number of updated asset objects reloaded before import = 0Number of asset objects unloaded after import = 5

========================================================================
Received Import Request.
  Time since last request: 86.336844 seconds.
  path: Assets/LowPolyRPGWeapons_Lite/Prefabs/Ax_01.prefab
  artifactKey: Guid(6cd1ac9652a50da4485a86492f47c63d) Importer(815301076,1909f56bfc062723c751e8b465ee728b)
Start importing Assets/LowPolyRPGWeapons_Lite/Prefabs/Ax_01.prefab using Guid(6cd1ac9652a50da4485a86492f47c63d) Importer(815301076,1909f56bfc062723c751e8b465ee728b) (PreviewImporter) -> (artifact id: 'e59ce29aeb0328b5f005d10c36408a4b') in 0.7464955 seconds
Number of updated asset objects reloaded before import = 0Number of asset objects unloaded after import = 10

========================================================================
Received Import Request.
  Time since last request: 0.000040 seconds.
  path: Assets/Fries and Seagull/City 03/Prefabs/Public Utility/Bus Shelter.prefab
  artifactKey: Guid(9db28b8e527f9824494b5d4aca73f1c2) Importer(815301076,1909f56bfc062723c751e8b465ee728b)
Start importing Assets/Fries and Seagull/City 03/Prefabs/Public Utility/Bus Shelter.prefab using Guid(9db28b8e527f9824494b5d4aca73f1c2) Importer(815301076,1909f56bfc062723c751e8b465ee728b) (PreviewImporter) -> (artifact id: '5e8a606deac82aadec9e6dc47b335d68') in 0.1211301 seconds
Number of updated asset objects reloaded before import = 0Number of asset objects unloaded after import = 23

========================================================================
Received Import Request.
  Time since last request: 0.000039 seconds.
  path: Assets/LowPolyRPGWeapons_Lite/Prefabs/Bow_01.prefab
  artifactKey: Guid(d4958227484245e4592c41ab2c02ad22) Importer(815301076,1909f56bfc062723c751e8b465ee728b)
Start importing Assets/LowPolyRPGWeapons_Lite/Prefabs/Bow_01.prefab using Guid(d4958227484245e4592c41ab2c02ad22) Importer(815301076,1909f56bfc062723c751e8b465ee728b) (PreviewImporter) -> (artifact id: '142392fd7652cf32a2c8a597f4c0300e') in 0.0549725 seconds
Number of updated asset objects reloaded before import = 0Number of asset objects unloaded after import = 10

========================================================================
Received Import Request.
  Time since last request: 0.000024 seconds.
  path: Assets/Fries and Seagull/City 03/Prefabs/Building/Building 5.prefab
  artifactKey: Guid(6295269d0ad8ac841adb0a6db45463c9) Importer(815301076,1909f56bfc062723c751e8b465ee728b)
Start importing Assets/Fries and Seagull/City 03/Prefabs/Building/Building 5.prefab using Guid(6295269d0ad8ac841adb0a6db45463c9) Importer(815301076,1909f56bfc062723c751e8b465ee728b) (PreviewImporter) -> (artifact id: '8a391d522047de484be85dcefe8ba665') in 0.0483011 seconds
Number of updated asset objects reloaded before import = 0Number of asset objects unloaded after import = 87

========================================================================
Received Import Request.
  Time since last request: 0.000050 seconds.
  path: Assets/Fries and Seagull/City 03/Prefabs/Building/Building 10.prefab
  artifactKey: Guid(9cfe989745c4eb4428bbb0966dc87749) Importer(815301076,1909f56bfc062723c751e8b465ee728b)
Start importing Assets/Fries and Seagull/City 03/Prefabs/Building/Building 10.prefab using Guid(9cfe989745c4eb4428bbb0966dc87749) Importer(815301076,1909f56bfc062723c751e8b465ee728b) (PreviewImporter) -> (artifact id: 'aa1d2bb91ea11163c0d89ff868f6f51c') in 0.0330913 seconds
Number of updated asset objects reloaded before import = 0Number of asset objects unloaded after import = 59

========================================================================
Received Import Request.
  Time since last request: 0.000028 seconds.
  path: Assets/Fries and Seagull/City 03/Prefabs/Trash/Dumpster 2.prefab
  artifactKey: Guid(29a0ed36fbe4e164496d288ff2bcd646) Importer(815301076,1909f56bfc062723c751e8b465ee728b)
Start importing Assets/Fries and Seagull/City 03/Prefabs/Trash/Dumpster 2.prefab using Guid(29a0ed36fbe4e164496d288ff2bcd646) Importer(815301076,1909f56bfc062723c751e8b465ee728b) (PreviewImporter) -> (artifact id: '4b5b0f5ed6248bf452fec6a4d161df9c') in 0.0317623 seconds
Number of updated asset objects reloaded before import = 0Number of asset objects unloaded after import = 31

========================================================================
Received Import Request.
  Time since last request: 0.000035 seconds.
  path: Assets/Fries and Seagull/City 03/Models/Ground.prefab
  artifactKey: Guid(05d447027f0d10f438827c07aeada4ed) Importer(815301076,1909f56bfc062723c751e8b465ee728b)
Start importing Assets/Fries and Seagull/City 03/Models/Ground.prefab using Guid(05d447027f0d10f438827c07aeada4ed) Importer(815301076,1909f56bfc062723c751e8b465ee728b) (PreviewImporter) -> (artifact id: '76086fe64aa181dab89f11ff34eb6dab') in 0.033867 seconds
Number of updated asset objects reloaded before import = 0Number of asset objects unloaded after import = 45

========================================================================
Received Import Request.
  Time since last request: 0.000033 seconds.
  path: Assets/Fries and Seagull/City 03/Prefabs/Ground Mark/Ground Markings 4.prefab
  artifactKey: Guid(86f8dac05906b0046855399737250550) Importer(815301076,1909f56bfc062723c751e8b465ee728b)
Start importing Assets/Fries and Seagull/City 03/Prefabs/Ground Mark/Ground Markings 4.prefab using Guid(86f8dac05906b0046855399737250550) Importer(815301076,1909f56bfc062723c751e8b465ee728b) (PreviewImporter) -> (artifact id: '8ae43981a3b0e31efe5925614491875f') in 0.0316029 seconds
Number of updated asset objects reloaded before import = 0Number of asset objects unloaded after import = 14

========================================================================
Received Import Request.
  Time since last request: 0.000026 seconds.
  path: Assets/Fries and Seagull/City 03/Prefabs/Trash/Dumpster 3.prefab
  artifactKey: Guid(b6cc55a20659e1544af5c6b676cc1632) Importer(815301076,1909f56bfc062723c751e8b465ee728b)
Start importing Assets/Fries and Seagull/City 03/Prefabs/Trash/Dumpster 3.prefab using Guid(b6cc55a20659e1544af5c6b676cc1632) Importer(815301076,1909f56bfc062723c751e8b465ee728b) (PreviewImporter) -> (artifact id: '835dfddf843b6e8dd2af9ad47a6cf5c1') in 0.0332449 seconds
Number of updated asset objects reloaded before import = 0Number of asset objects unloaded after import = 30

========================================================================
Received Import Request.
  Time since last request: 0.000024 seconds.
  path: Assets/Fries and Seagull/City 03/Prefabs/Public Utility/Escalator.prefab
  artifactKey: Guid(4501ae3f713ed9c4cb01175c3efe1497) Importer(815301076,1909f56bfc062723c751e8b465ee728b)
Start importing Assets/Fries and Seagull/City 03/Prefabs/Public Utility/Escalator.prefab using Guid(4501ae3f713ed9c4cb01175c3efe1497) Importer(815301076,1909f56bfc062723c751e8b465ee728b) (PreviewImporter) -> (artifact id: '36f0d37a8d74e37f9637ebc44c3a453a') in 0.037395 seconds
Number of updated asset objects reloaded before import = 0Number of asset objects unloaded after import = 22

========================================================================
Received Import Request.
  Time since last request: 0.000050 seconds.
  path: Assets/Fries and Seagull/City 03/Prefabs/Public Utility/Fire Hydrant.prefab
  artifactKey: Guid(5215971f383b3354b93f853e9b9f4abb) Importer(815301076,1909f56bfc062723c751e8b465ee728b)
Start importing Assets/Fries and Seagull/City 03/Prefabs/Public Utility/Fire Hydrant.prefab using Guid(5215971f383b3354b93f853e9b9f4abb) Importer(815301076,1909f56bfc062723c751e8b465ee728b) (PreviewImporter) -> (artifact id: '837fe002d6d21738f30839490438e9fa') in 0.0296173 seconds
Number of updated asset objects reloaded before import = 0Number of asset objects unloaded after import = 21

========================================================================
Received Import Request.
  Time since last request: 0.000075 seconds.
  path: Assets/LowPolyRPGWeapons_Lite/Prefabs/Hammer_01.prefab
  artifactKey: Guid(82f1e40c0cf7c5048a41bfa78b10c9d9) Importer(815301076,1909f56bfc062723c751e8b465ee728b)
Start importing Assets/LowPolyRPGWeapons_Lite/Prefabs/Hammer_01.prefab using Guid(82f1e40c0cf7c5048a41bfa78b10c9d9) Importer(815301076,1909f56bfc062723c751e8b465ee728b) (PreviewImporter) -> (artifact id: '7aa17bbd35ab4008e6c2ca6cbef19cb9') in 0.0398185 seconds
Number of updated asset objects reloaded before import = 0Number of asset objects unloaded after import = 10

========================================================================
Received Import Request.
  Time since last request: 0.000027 seconds.
  path: Assets/Fries and Seagull/City 03/Prefabs/Building/Building 2.prefab
  artifactKey: Guid(8ff9727a0defab34caba314289dd7257) Importer(815301076,1909f56bfc062723c751e8b465ee728b)
Start importing Assets/Fries and Seagull/City 03/Prefabs/Building/Building 2.prefab using Guid(8ff9727a0defab34caba314289dd7257) Importer(815301076,1909f56bfc062723c751e8b465ee728b) (PreviewImporter) -> (artifact id: '7a03b24defcad89ee3916719abfaac96') in 0.0362631 seconds
Number of updated asset objects reloaded before import = 0Number of asset objects unloaded after import = 45

========================================================================
Received Import Request.
  Time since last request: 0.000029 seconds.
  path: Assets/Fries and Seagull/City 03/Prefabs/Building/Building 6.prefab
  artifactKey: Guid(23ea098e4c675cc49b0ea09993368b9f) Importer(815301076,1909f56bfc062723c751e8b465ee728b)
Start importing Assets/Fries and Seagull/City 03/Prefabs/Building/Building 6.prefab using Guid(23ea098e4c675cc49b0ea09993368b9f) Importer(815301076,1909f56bfc062723c751e8b465ee728b) (PreviewImporter) -> (artifact id: 'ecceb37911ae731d1e75d33939d6b3eb') in 0.0392575 seconds
Number of updated asset objects reloaded before import = 0Number of asset objects unloaded after import = 41

========================================================================
Received Import Request.
  Time since last request: 0.000054 seconds.
  path: Assets/Fries and Seagull/City 03/Scene Props/BRP Post Process.prefab
  artifactKey: Guid(ba73728ec352f8742b6e0e2e3c60287b) Importer(815301076,1909f56bfc062723c751e8b465ee728b)
Start importing Assets/Fries and Seagull/City 03/Scene Props/BRP Post Process.prefab using Guid(ba73728ec352f8742b6e0e2e3c60287b) Importer(815301076,1909f56bfc062723c751e8b465ee728b) (PreviewImporter) -> (artifact id: 'f712a0f1dbe8759433bd2e8c9949286e') in 0.0140847 seconds
Number of updated asset objects reloaded before import = 0Number of asset objects unloaded after import = 11

========================================================================
Received Import Request.
  Time since last request: 0.000029 seconds.
  path: Assets/Fries and Seagull/City 03/Prefabs/Vehicles/Bus.prefab
  artifactKey: Guid(ccd706a16ea864941a9cabb4857796a1) Importer(815301076,1909f56bfc062723c751e8b465ee728b)
Start importing Assets/Fries and Seagull/City 03/Prefabs/Vehicles/Bus.prefab using Guid(ccd706a16ea864941a9cabb4857796a1) Importer(815301076,1909f56bfc062723c751e8b465ee728b) (PreviewImporter) -> (artifact id: 'e24a40b4639dd9a1e84ee5a61f14158b') in 0.0329963 seconds
Number of updated asset objects reloaded before import = 0Number of asset objects unloaded after import = 26

========================================================================
Received Import Request.
  Time since last request: 0.000027 seconds.
  path: Assets/Fries and Seagull/City 03/Prefabs/Mailbox/Mailbox 1.prefab
  artifactKey: Guid(2f5839188468811409c2e7b6b51a48a8) Importer(815301076,1909f56bfc062723c751e8b465ee728b)
Start importing Assets/Fries and Seagull/City 03/Prefabs/Mailbox/Mailbox 1.prefab using Guid(2f5839188468811409c2e7b6b51a48a8) Importer(815301076,1909f56bfc062723c751e8b465ee728b) (PreviewImporter) -> (artifact id: '5bd8a5b2cd17039570d34e23e6856d1a') in 0.0310032 seconds
Number of updated asset objects reloaded before import = 0Number of asset objects unloaded after import = 18

========================================================================
Received Import Request.
  Time since last request: 0.000031 seconds.
  path: Assets/Fries and Seagull/City 03/Prefabs/Road Unit/Road 2.prefab
  artifactKey: Guid(18ec20f05ee3a2746ac1589ba54cd3f0) Importer(815301076,1909f56bfc062723c751e8b465ee728b)
Start importing Assets/Fries and Seagull/City 03/Prefabs/Road Unit/Road 2.prefab using Guid(18ec20f05ee3a2746ac1589ba54cd3f0) Importer(815301076,1909f56bfc062723c751e8b465ee728b) (PreviewImporter) -> (artifact id: '8dd3a394087ce32d044e1be464409cbd') in 0.0343214 seconds
Number of updated asset objects reloaded before import = 0Number of asset objects unloaded after import = 21

========================================================================
Received Import Request.
  Time since last request: 0.000065 seconds.
  path: Assets/Fries and Seagull/City 03/Prefabs/Public Utility/Refrigerator.prefab
  artifactKey: Guid(fac7a9477fe4ebc4982a1fddcae61e39) Importer(815301076,1909f56bfc062723c751e8b465ee728b)
Start importing Assets/Fries and Seagull/City 03/Prefabs/Public Utility/Refrigerator.prefab using Guid(fac7a9477fe4ebc4982a1fddcae61e39) Importer(815301076,1909f56bfc062723c751e8b465ee728b) (PreviewImporter) -> (artifact id: '290d4d62bcc591e3b497351823e31728') in 0.0321539 seconds
Number of updated asset objects reloaded before import = 0Number of asset objects unloaded after import = 19

========================================================================
Received Import Request.
  Time since last request: 0.000029 seconds.
  path: Assets/Fries and Seagull/City 03/Prefabs/Vehicles/Red Car.prefab
  artifactKey: Guid(abd1fda3d06e8d04f89816d9b58dc9e6) Importer(815301076,1909f56bfc062723c751e8b465ee728b)
Start importing Assets/Fries and Seagull/City 03/Prefabs/Vehicles/Red Car.prefab using Guid(abd1fda3d06e8d04f89816d9b58dc9e6) Importer(815301076,1909f56bfc062723c751e8b465ee728b) (PreviewImporter) -> (artifact id: 'a2420950d59ae35a091c5e093787f772') in 0.0351661 seconds
Number of updated asset objects reloaded before import = 0Number of asset objects unloaded after import = 29

========================================================================
Received Import Request.
  Time since last request: 0.000024 seconds.
  path: Assets/Fries and Seagull/City 03/Prefabs/Box 1.prefab
  artifactKey: Guid(b42611abff5657a478fdd610b35eb1be) Importer(815301076,1909f56bfc062723c751e8b465ee728b)
Start importing Assets/Fries and Seagull/City 03/Prefabs/Box 1.prefab using Guid(b42611abff5657a478fdd610b35eb1be) Importer(815301076,1909f56bfc062723c751e8b465ee728b) (PreviewImporter) -> (artifact id: 'fc50919c76800739f5c27cafebd290c5') in 0.0244888 seconds
Number of updated asset objects reloaded before import = 0Number of asset objects unloaded after import = 18

========================================================================
Received Import Request.
  Time since last request: 0.000044 seconds.
  path: Assets/Fries and Seagull/City 03/Prefabs/Building/Building 4.prefab
  artifactKey: Guid(bcc7d3ec7cdb0344599766c0a3bcfff3) Importer(815301076,1909f56bfc062723c751e8b465ee728b)
Start importing Assets/Fries and Seagull/City 03/Prefabs/Building/Building 4.prefab using Guid(bcc7d3ec7cdb0344599766c0a3bcfff3) Importer(815301076,1909f56bfc062723c751e8b465ee728b) (PreviewImporter) -> (artifact id: 'af929c648d558df8dd4ea65a00d54c63') in 0.0384305 seconds
Number of updated asset objects reloaded before import = 0Number of asset objects unloaded after import = 37

========================================================================
Received Import Request.
  Time since last request: 0.000036 seconds.
  path: Assets/Fries and Seagull/City 03/Prefabs/Road Unit/Road 8.prefab
  artifactKey: Guid(2e9cbcf956215164b9eb1e0f029703bd) Importer(815301076,1909f56bfc062723c751e8b465ee728b)
Start importing Assets/Fries and Seagull/City 03/Prefabs/Road Unit/Road 8.prefab using Guid(2e9cbcf956215164b9eb1e0f029703bd) Importer(815301076,1909f56bfc062723c751e8b465ee728b) (PreviewImporter) -> (artifact id: 'ca5f403ce2ca9c10aedb99c3841f62c1') in 0.0358914 seconds
Number of updated asset objects reloaded before import = 0Number of asset objects unloaded after import = 22

========================================================================
Received Import Request.
  Time since last request: 0.000056 seconds.
  path: Assets/Fries and Seagull/City 03/Prefabs/Public Utility/Roadside Billboard 1.prefab
  artifactKey: Guid(f9372d872bb7f01419115fde33032dc4) Importer(815301076,1909f56bfc062723c751e8b465ee728b)
Start importing Assets/Fries and Seagull/City 03/Prefabs/Public Utility/Roadside Billboard 1.prefab using Guid(f9372d872bb7f01419115fde33032dc4) Importer(815301076,1909f56bfc062723c751e8b465ee728b) (PreviewImporter) -> (artifact id: 'cdc1bd5d09fd40fd2559b20b5b2d7b2f') in 0.036579 seconds
Number of updated asset objects reloaded before import = 0Number of asset objects unloaded after import = 19

========================================================================
Received Import Request.
  Time since last request: 0.000030 seconds.
  path: Assets/Fries and Seagull/City 03/Prefabs/Fence/Road Fence 3.prefab
  artifactKey: Guid(30912fc217de250468c366d2c8bc9441) Importer(815301076,1909f56bfc062723c751e8b465ee728b)
Start importing Assets/Fries and Seagull/City 03/Prefabs/Fence/Road Fence 3.prefab using Guid(30912fc217de250468c366d2c8bc9441) Importer(815301076,1909f56bfc062723c751e8b465ee728b) (PreviewImporter) -> (artifact id: '8e1c14aa74f696eb0a3d20d81d6d3ef8') in 0.0366169 seconds
Number of updated asset objects reloaded before import = 0Number of asset objects unloaded after import = 18

========================================================================
Received Import Request.
  Time since last request: 0.000032 seconds.
  path: Assets/Fries and Seagull/City 03/Prefabs/Road Unit/Road 7.prefab
  artifactKey: Guid(b4401e9caa24f7f40b9d59be12273475) Importer(815301076,1909f56bfc062723c751e8b465ee728b)
Start importing Assets/Fries and Seagull/City 03/Prefabs/Road Unit/Road 7.prefab using Guid(b4401e9caa24f7f40b9d59be12273475) Importer(815301076,1909f56bfc062723c751e8b465ee728b) (PreviewImporter) -> (artifact id: '62f46fdac87b14c709d1ffd26bfeb2b4') in 0.0336099 seconds
Number of updated asset objects reloaded before import = 0Number of asset objects unloaded after import = 22

========================================================================
Received Import Request.
  Time since last request: 0.000040 seconds.
  path: Assets/Fries and Seagull/City 03/Prefabs/Fence/Road Fence 2.prefab
  artifactKey: Guid(a09e4b73688523d49bf8128d9f12766b) Importer(815301076,1909f56bfc062723c751e8b465ee728b)
Start importing Assets/Fries and Seagull/City 03/Prefabs/Fence/Road Fence 2.prefab using Guid(a09e4b73688523d49bf8128d9f12766b) Importer(815301076,1909f56bfc062723c751e8b465ee728b) (PreviewImporter) -> (artifact id: 'a8fdafd7edb62ecd065be830b4da9201') in 0.0266664 seconds
Number of updated asset objects reloaded before import = 0Number of asset objects unloaded after import = 18

========================================================================
Received Import Request.
  Time since last request: 0.000026 seconds.
  path: Assets/Fries and Seagull/City 03/Prefabs/Road Signs/Signage 2.prefab
  artifactKey: Guid(56d5b0f37ee119e459448c52b03c65f5) Importer(815301076,1909f56bfc062723c751e8b465ee728b)
Start importing Assets/Fries and Seagull/City 03/Prefabs/Road Signs/Signage 2.prefab using Guid(56d5b0f37ee119e459448c52b03c65f5) Importer(815301076,1909f56bfc062723c751e8b465ee728b) (PreviewImporter) -> (artifact id: '079340c351e3934540b8e9900e98f9cd') in 0.0343389 seconds
Number of updated asset objects reloaded before import = 0Number of asset objects unloaded after import = 20

========================================================================
Received Import Request.
  Time since last request: 0.000034 seconds.
  path: Assets/Fries and Seagull/City 03/Prefabs/Road Signs/Signage 5.prefab
  artifactKey: Guid(f392d017a767a874f8ffd5cce414c898) Importer(815301076,1909f56bfc062723c751e8b465ee728b)
Start importing Assets/Fries and Seagull/City 03/Prefabs/Road Signs/Signage 5.prefab using Guid(f392d017a767a874f8ffd5cce414c898) Importer(815301076,1909f56bfc062723c751e8b465ee728b) (PreviewImporter) -> (artifact id: '3539e2ed21ab13ffa46eca0606a5e81d') in 0.0353454 seconds
Number of updated asset objects reloaded before import = 0Number of asset objects unloaded after import = 20

========================================================================
Received Import Request.
  Time since last request: 0.000040 seconds.
  path: Assets/LowPolyRPGWeapons_Lite/Prefabs/Shield_01.prefab
  artifactKey: Guid(637a26567ae08674796cb9ce5c55c4d8) Importer(815301076,1909f56bfc062723c751e8b465ee728b)
Start importing Assets/LowPolyRPGWeapons_Lite/Prefabs/Shield_01.prefab using Guid(637a26567ae08674796cb9ce5c55c4d8) Importer(815301076,1909f56bfc062723c751e8b465ee728b) (PreviewImporter) -> (artifact id: 'c5618c24c45d8e18a34d92b69520bd35') in 0.0377954 seconds
Number of updated asset objects reloaded before import = 0Number of asset objects unloaded after import = 10

========================================================================
Received Import Request.
  Time since last request: 0.000034 seconds.
  path: Assets/Fries and Seagull/City 03/Prefabs/Road Signs/Signage 6.prefab
  artifactKey: Guid(a4096e55654c2c34db8278fc062738a8) Importer(815301076,1909f56bfc062723c751e8b465ee728b)
Start importing Assets/Fries and Seagull/City 03/Prefabs/Road Signs/Signage 6.prefab using Guid(a4096e55654c2c34db8278fc062738a8) Importer(815301076,1909f56bfc062723c751e8b465ee728b) (PreviewImporter) -> (artifact id: 'a6ad4b45d51ec799398214e9e38bcc9a') in 0.0320663 seconds
Number of updated asset objects reloaded before import = 0Number of asset objects unloaded after import = 21

========================================================================
Received Import Request.
  Time since last request: 0.000029 seconds.
  path: Assets/Fries and Seagull/City 03/Prefabs/Manhole/Manhole Covers 1.prefab
  artifactKey: Guid(940c3b8e92f759c468f7fedd9cec6955) Importer(815301076,1909f56bfc062723c751e8b465ee728b)
Start importing Assets/Fries and Seagull/City 03/Prefabs/Manhole/Manhole Covers 1.prefab using Guid(940c3b8e92f759c468f7fedd9cec6955) Importer(815301076,1909f56bfc062723c751e8b465ee728b) (PreviewImporter) -> (artifact id: '0c2ab26d4beadb96a6b025c79703bada') in 0.0334143 seconds
Number of updated asset objects reloaded before import = 0Number of asset objects unloaded after import = 19

========================================================================
Received Import Request.
  Time since last request: 0.000031 seconds.
  path: Assets/Fries and Seagull/City 03/Prefabs/Road Signs/Road Sign.prefab
  artifactKey: Guid(787bbcfeb6fe75f42b999081ff9c9c48) Importer(815301076,1909f56bfc062723c751e8b465ee728b)
Start importing Assets/Fries and Seagull/City 03/Prefabs/Road Signs/Road Sign.prefab using Guid(787bbcfeb6fe75f42b999081ff9c9c48) Importer(815301076,1909f56bfc062723c751e8b465ee728b) (PreviewImporter) -> (artifact id: 'f71bfe0caa271995ec49c760b0961d50') in 0.0352892 seconds
Number of updated asset objects reloaded before import = 0Number of asset objects unloaded after import = 20

========================================================================
Received Import Request.
  Time since last request: 0.000028 seconds.
  path: Assets/Fries and Seagull/City 03/Prefabs/Road Unit/Road 1.prefab
  artifactKey: Guid(6dff1a1f8c6e84f489ab2741db2baa4f) Importer(815301076,1909f56bfc062723c751e8b465ee728b)
Start importing Assets/Fries and Seagull/City 03/Prefabs/Road Unit/Road 1.prefab using Guid(6dff1a1f8c6e84f489ab2741db2baa4f) Importer(815301076,1909f56bfc062723c751e8b465ee728b) (PreviewImporter) -> (artifact id: '7d980f07bbcef0a159f8eff027f2ff19') in 0.0338716 seconds
Number of updated asset objects reloaded before import = 0Number of asset objects unloaded after import = 17

========================================================================
Received Import Request.
  Time since last request: 0.000037 seconds.
  path: Assets/LowPolyRPGWeapons_Lite/Prefabs/Dagger_01.prefab
  artifactKey: Guid(ea816f7cece47574da091aaf86ab56f4) Importer(815301076,1909f56bfc062723c751e8b465ee728b)
Start importing Assets/LowPolyRPGWeapons_Lite/Prefabs/Dagger_01.prefab using Guid(ea816f7cece47574da091aaf86ab56f4) Importer(815301076,1909f56bfc062723c751e8b465ee728b) (PreviewImporter) -> (artifact id: '43095d5c626dc492dcd3ca8dfc222bda') in 0.0386749 seconds
Number of updated asset objects reloaded before import = 0Number of asset objects unloaded after import = 10

========================================================================
Received Import Request.
  Time since last request: 0.000024 seconds.
  path: Assets/Fries and Seagull/City 03/Prefabs/Public Utility/Roadside Billboard 2.prefab
  artifactKey: Guid(6fb6efd4417fc9d4e8b67fd2acb5a89d) Importer(815301076,1909f56bfc062723c751e8b465ee728b)
Start importing Assets/Fries and Seagull/City 03/Prefabs/Public Utility/Roadside Billboard 2.prefab using Guid(6fb6efd4417fc9d4e8b67fd2acb5a89d) Importer(815301076,1909f56bfc062723c751e8b465ee728b) (PreviewImporter) -> (artifact id: '653fb3012958e9dfe8c3543b0566ddec') in 0.0360113 seconds
Number of updated asset objects reloaded before import = 0Number of asset objects unloaded after import = 19

========================================================================
Received Import Request.
  Time since last request: 0.000049 seconds.
  path: Assets/Fries and Seagull/City 03/Prefabs/Public Utility/Speed Bumps.prefab
  artifactKey: Guid(26473d7831cba604bb81dbde98b2932f) Importer(815301076,1909f56bfc062723c751e8b465ee728b)
Start importing Assets/Fries and Seagull/City 03/Prefabs/Public Utility/Speed Bumps.prefab using Guid(26473d7831cba604bb81dbde98b2932f) Importer(815301076,1909f56bfc062723c751e8b465ee728b) (PreviewImporter) -> (artifact id: '0e70a44b271bb11c77023dd244b41010') in 0.0406418 seconds
Number of updated asset objects reloaded before import = 0Number of asset objects unloaded after import = 19

========================================================================
Received Import Request.
  Time since last request: 0.000035 seconds.
  path: Assets/Fries and Seagull/City 03/Prefabs/Barrier/Small Barrier.prefab
  artifactKey: Guid(e62fd9a12fab29f4db9056721ad539ab) Importer(815301076,1909f56bfc062723c751e8b465ee728b)
Start importing Assets/Fries and Seagull/City 03/Prefabs/Barrier/Small Barrier.prefab using Guid(e62fd9a12fab29f4db9056721ad539ab) Importer(815301076,1909f56bfc062723c751e8b465ee728b) (PreviewImporter) -> (artifact id: '4aebe93e736a69518f6594b7fb2f40a6') in 0.0395196 seconds
Number of updated asset objects reloaded before import = 0Number of asset objects unloaded after import = 19

========================================================================
Received Import Request.
  Time since last request: 0.000044 seconds.
  path: Assets/Fries and Seagull/City 03/Prefabs/Prefab Group/House Group.prefab
  artifactKey: Guid(0901af9b50d41f546819ee755f5148f1) Importer(815301076,1909f56bfc062723c751e8b465ee728b)
Start importing Assets/Fries and Seagull/City 03/Prefabs/Prefab Group/House Group.prefab using Guid(0901af9b50d41f546819ee755f5148f1) Importer(815301076,1909f56bfc062723c751e8b465ee728b) (PreviewImporter) -> (artifact id: '053027b31204b6832a3352f403138479') in 0.0435165 seconds
Number of updated asset objects reloaded before import = 0Number of asset objects unloaded after import = 442

========================================================================
Received Import Request.
  Time since last request: 0.000030 seconds.
  path: Assets/Fries and Seagull/City 03/Prefabs/Road Unit/Road 6.prefab
  artifactKey: Guid(fca8fe8bcb49ce446932029d7740b4ae) Importer(815301076,1909f56bfc062723c751e8b465ee728b)
Start importing Assets/Fries and Seagull/City 03/Prefabs/Road Unit/Road 6.prefab using Guid(fca8fe8bcb49ce446932029d7740b4ae) Importer(815301076,1909f56bfc062723c751e8b465ee728b) (PreviewImporter) -> (artifact id: 'e7195e9c9c27295bffa235b5c980a9a0') in 0.0365063 seconds
Number of updated asset objects reloaded before import = 0Number of asset objects unloaded after import = 17

========================================================================
Received Import Request.
  Time since last request: 0.000023 seconds.
  path: Assets/Fries and Seagull/City 03/Prefabs/Building/Building 7.prefab
  artifactKey: Guid(723eb7a061ffc9a4289885f4198363db) Importer(815301076,1909f56bfc062723c751e8b465ee728b)
Start importing Assets/Fries and Seagull/City 03/Prefabs/Building/Building 7.prefab using Guid(723eb7a061ffc9a4289885f4198363db) Importer(815301076,1909f56bfc062723c751e8b465ee728b) (PreviewImporter) -> (artifact id: '91774d6eda8db5e4d2d2ed548304024a') in 0.0393969 seconds
Number of updated asset objects reloaded before import = 0Number of asset objects unloaded after import = 59

========================================================================
Received Import Request.
  Time since last request: 0.000029 seconds.
  path: Assets/Fries and Seagull/City 03/Prefabs/Manhole/Manhole Covers 2.prefab
  artifactKey: Guid(e5adab63a4810a24db2afc48ae74e805) Importer(815301076,1909f56bfc062723c751e8b465ee728b)
Start importing Assets/Fries and Seagull/City 03/Prefabs/Manhole/Manhole Covers 2.prefab using Guid(e5adab63a4810a24db2afc48ae74e805) Importer(815301076,1909f56bfc062723c751e8b465ee728b) (PreviewImporter) -> (artifact id: 'd9ab6a90e8194b06ed17ced6cae92158') in 0.0318117 seconds
Number of updated asset objects reloaded before import = 0Number of asset objects unloaded after import = 18

========================================================================
Received Import Request.
  Time since last request: 0.000043 seconds.
  path: Assets/Fries and Seagull/City 03/Prefabs/Road Signs/Signage 3.prefab
  artifactKey: Guid(296cdcf2939da3e4f9a28a9304efbe45) Importer(815301076,1909f56bfc062723c751e8b465ee728b)
Start importing Assets/Fries and Seagull/City 03/Prefabs/Road Signs/Signage 3.prefab using Guid(296cdcf2939da3e4f9a28a9304efbe45) Importer(815301076,1909f56bfc062723c751e8b465ee728b) (PreviewImporter) -> (artifact id: 'b7a4f48e017e19e2dc8aef8ba4cc15d1') in 0.0333396 seconds
Number of updated asset objects reloaded before import = 0Number of asset objects unloaded after import = 19

========================================================================
Received Import Request.
  Time since last request: 0.000024 seconds.
  path: Assets/Fries and Seagull/City 03/Prefabs/Fence/Road Fence 1.prefab
  artifactKey: Guid(8a0f53613d652124aa449c4eb095e61c) Importer(815301076,1909f56bfc062723c751e8b465ee728b)
Start importing Assets/Fries and Seagull/City 03/Prefabs/Fence/Road Fence 1.prefab using Guid(8a0f53613d652124aa449c4eb095e61c) Importer(815301076,1909f56bfc062723c751e8b465ee728b) (PreviewImporter) -> (artifact id: '2f4c4189ffbcc83234c39d83de91acc2') in 0.0356939 seconds
Number of updated asset objects reloaded before import = 0Number of asset objects unloaded after import = 19

========================================================================
Received Import Request.
  Time since last request: 66.233471 seconds.
  path: Packages/com.unity.inputsystem/InputSystem/Editor/Icons/Axis@2x.png
  artifactKey: Guid(d0006d51a864248adba0238883f8c71e) Importer(815301076,1909f56bfc062723c751e8b465ee728b)
Start importing Packages/com.unity.inputsystem/InputSystem/Editor/Icons/Axis@2x.png using Guid(d0006d51a864248adba0238883f8c71e) Importer(815301076,1909f56bfc062723c751e8b465ee728b) (PreviewImporter) -> (artifact id: '00ccf6d5ae7b1cd04fe9987f8267101b') in 0.127001 seconds
Number of updated asset objects reloaded before import = 0Number of asset objects unloaded after import = 2

========================================================================
Received Import Request.
  Time since last request: 0.000046 seconds.
  path: Packages/com.unity.inputsystem/InputSystem/Editor/Icons/Axis@4x.png
  artifactKey: Guid(a940917cc397643afb071010cb2143d9) Importer(815301076,1909f56bfc062723c751e8b465ee728b)
Start importing Packages/com.unity.inputsystem/InputSystem/Editor/Icons/Axis@4x.png using Guid(a940917cc397643afb071010cb2143d9) Importer(815301076,1909f56bfc062723c751e8b465ee728b) (PreviewImporter) -> (artifact id: '152c07f31a2a7af0248e8916141f99b7') in 0.0356951 seconds
Number of updated asset objects reloaded before import = 0Number of asset objects unloaded after import = 2

========================================================================
Received Import Request.
  Time since last request: 0.000054 seconds.
  path: Packages/com.unity.inputsystem/InputSystem/Editor/Icons/d_Axis@4x.png
  artifactKey: Guid(e01ab4b854c6d4fa3a8d869b67ecd643) Importer(815301076,1909f56bfc062723c751e8b465ee728b)
Start importing Packages/com.unity.inputsystem/InputSystem/Editor/Icons/d_Axis@4x.png using Guid(e01ab4b854c6d4fa3a8d869b67ecd643) Importer(815301076,1909f56bfc062723c751e8b465ee728b) (PreviewImporter) -> (artifact id: '93879c728aa4bf72e663ec330f52061a') in 0.0232805 seconds
Number of updated asset objects reloaded before import = 0Number of asset objects unloaded after import = 2

========================================================================
Received Import Request.
  Time since last request: 0.000029 seconds.
  path: Packages/com.unity.inputsystem/InputSystem/Editor/Icons/Axis@3x.png
  artifactKey: Guid(2e27a82b5cc4e4ef98cbef2d0b324aed) Importer(815301076,1909f56bfc062723c751e8b465ee728b)
Start importing Packages/com.unity.inputsystem/InputSystem/Editor/Icons/Axis@3x.png using Guid(2e27a82b5cc4e4ef98cbef2d0b324aed) Importer(815301076,1909f56bfc062723c751e8b465ee728b) (PreviewImporter) -> (artifact id: '2198d25bb7ce5b0dbceddbaf9b4100cc') in 0.0396425 seconds
Number of updated asset objects reloaded before import = 0Number of asset objects unloaded after import = 2

========================================================================
Received Prepare
Begin MonoManager ReloadAssembly
[Licensing::Client] Successfully resolved entitlement details
- Loaded All Assemblies, in  1.183 seconds
Refreshing native plugins compatible for Editor in 1.05 ms, found 3 plugins.
Native extension for WindowsStandalone target not found
[Package Manager] Failed to launch server process. Reason: Unity was launched with the -noUpm command-line argument
[Package Manager] Unable to send message (not connected to server process).
[Package Manager] Cannot connect to Unity Package Manager local server
Mono: successfully reloaded assembly
- Finished resetting the current domain, in  0.931 seconds
Domain Reload Profiling: 2117ms
	BeginReloadAssembly (441ms)
		ExecutionOrderSort (0ms)
		DisableScriptedObjects (47ms)
		BackupInstance (0ms)
		ReleaseScriptingObjects (1ms)
		CreateAndSetChildDomain (153ms)
	RebuildCommonClasses (46ms)
	RebuildNativeTypeToScriptingClass (14ms)
	initialDomainReloadingComplete (36ms)
	LoadAllAssembliesAndSetupDomain (649ms)
		LoadAssemblies (540ms)
		RebuildTransferFunctionScriptingTraits (0ms)
		AnalyzeDomain (251ms)
			TypeCache.Refresh (11ms)
				TypeCache.ScanAssembly (0ms)
			BuildScriptInfoCaches (223ms)
			ResolveRequiredComponents (12ms)
	FinalizeReload (932ms)
		ReleaseScriptCaches (0ms)
		RebuildScriptCaches (0ms)
		SetupLoadedEditorAssemblies (738ms)
			LogAssemblyErrors (0ms)
			InitializePlatformSupportModulesInManaged (2ms)
			SetLoadedEditorAssemblies (6ms)
			BeforeProcessingInitializeOnLoad (159ms)
			ProcessInitializeOnLoadAttributes (463ms)
			ProcessInitializeOnLoadMethodAttributes (98ms)
			AfterProcessingInitializeOnLoad (8ms)
			EditorAssembliesLoaded (1ms)
		ExecutionOrderSort2 (0ms)
		AwakeInstancesAfterBackupRestoration (27ms)
Refreshing native plugins compatible for Editor in 2.05 ms, found 3 plugins.
Preloading 0 native plugins for Editor in 0.00 ms.
Unloading 25 Unused Serialized files (Serialized files now loaded: 0)
Unloading 6252 unused Assets / (5.8 MB). Loaded Objects now: 7001.
Memory consumption went from 162.7 MB to 156.9 MB.
Total: 12.637100 ms (FindLiveObjects: 1.388400 ms CreateObjectMapping: 0.347200 ms MarkObjects: 7.896000 ms  DeleteObjects: 3.003000 ms)

Prepare: number of updated asset objects reloaded= 0
Editor requested this worker to shutdown with reason: Scaling down because of idle timeout
AssetImportWorker is now disconnected from the server
Process exiting
Exiting without the bug reporter. Application will terminate with return code 0